[items-file] batteries/fcb15_v3def.py: 15 items, version v3+D+E+F
item 1: greedy PASS (43.3s)
item 2: greedy FAIL | retry@0.6 FAIL (10.1s)
item 3: greedy PASS (81.7s)
item 4: greedy PASS (10.1s)
item 5: greedy PASS (23.0s)
item 6: greedy PASS (8.2s)
item 7: greedy PASS (38.1s)
item 8: greedy PASS (13.1s)
item 9: greedy PASS (39.4s)
item 10: greedy FAIL | retry@0.6 FAIL (103.9s)
item 11: greedy PASS (53.3s)
item 12: greedy PASS (41.9s)
item 13: greedy FAIL | retry@0.6 PASS (29.8s)
item 14: greedy PASS (28.7s)
item 15: greedy FAIL | retry@0.6 FAIL (104.4s)
V5 retry loop round 2: 3 unsolved item(s)
item 2: retry#2 FAIL (6.2s)
item 10: retry#2 PASS (104.0s)
item 15: retry#2 PASS (86.2s)
V5 retry loop round 3: 1 unsolved item(s)
item 2: retry#3 FAIL (6.0s)

SUMMARY glm-5.3 [glm53-ladder]: greedy 11/15 | with-retry 14/15
