[items-file] batteries/fcb15_v3def.py: 15 items, version v3+D+E+F
item 1: greedy PASS (58.1s)
item 2: greedy FAIL | retry@0.6 FAIL (10.2s)
item 3: greedy PASS (80.6s)
item 4: greedy PASS (24.7s)
item 5: greedy PASS (26.3s)
item 6: greedy FAIL | retry@0.6 FAIL (15.9s)
item 7: greedy PASS (24.3s)
item 8: greedy PASS (16.0s)
item 9: greedy PASS (27.3s)
item 10: greedy PASS (146.9s)
item 11: greedy PASS (56.6s)
item 12: greedy PASS (32.7s)
item 13: greedy PASS (27.2s)
item 14: greedy PASS (39.3s)
item 15: greedy PASS (4.5s)
V5 retry loop round 2: 2 unsolved item(s)
item 2: retry#2 FAIL (10.2s)
item 6: retry#2 FAIL (15.9s)
V5 retry loop round 3: 2 unsolved item(s)
item 2: retry#3 FAIL (10.1s)
item 6: retry#3 FAIL (15.9s)

SUMMARY default [gufo-q4-mtp]: greedy 13/15 | with-retry 13/15
