=== F3 GATE start Mon Sep 28 11:36:57 AM CEST 2026 ===
94b42cbf14a5f70925d7712069eab3eae55d75a1a71bf2d3e5d22a7a1975977a  /home/piero/gufo-bench/gufo
{"status":"ok"}health ok: {"status":"ok"}
CENSUS f3g-b722a61-iten12: spent 12/12 queries (12 answered) | selection: census (budget >= battery size)
  estimate 0.8333 (k=10, n=12) CI95 [0.552, 0.953] — Wilson score interval (implemented; not the FAQ factor model)
  items [0, 1, 2, 3, 4, 5, 6, 7, 8, 9, 10, 11] | report results/probe-f3g-b722a61-iten12.json
G_ITE_OK
=== iten12 done rc=0 Mon Sep 28 11:37:39 AM CEST 2026 ===
PROBE f3g-b722a61-zebra: spent 12/12 queries (12 answered) | selection: stratified-random (seed 1300)
  estimate 0.4167 (k=5, n=12) CI95 [0.1933, 0.6805] — Wilson score interval (implemented; not the FAQ factor model)
  items [0, 1, 3, 8, 10, 11, 12, 13, 17, 18, 20, 25] | report results/probe-f3g-b722a61-zebra.json
G_ZEB_OK
=== zebra done rc=0 Mon Sep 28 11:42:48 AM CEST 2026 ===
PROBE f3g-b722a61-aime12: spent 12/12 queries (12 answered) | selection: stratified-random (seed 1300)
  estimate 0.5 (k=6, n=12) CI95 [0.2538, 0.7462] — Wilson score interval (implemented; not the FAQ factor model)
  items [0, 1, 7, 18, 22, 23, 24, 25, 35, 36, 42, 49] | report results/probe-f3g-b722a61-aime12.json
G_AIME_OK
=== aime12 done rc=0 Mon Sep 28 11:51:40 AM CEST 2026 ===
usage: fcb15_run.py [-h] [--host HOST] [--model MODEL] --tag TAG
                    [--agent AGENT] [--agents-md AGENTS_MD]
                    [--mode {single,bestof,loop,verifier}]
                    [--battery {fcb15,traps,combined,cbi,cmi,sli,rsi,realrepo,refactor}]
                    [--items-file ITEMS_FILE] [--shots SHOTS] [--deep]
                    [--hardware HARDWARE] [--factory] [--heldout GEN]
                    [--bestof-tag BESTOF_TAG] [--repeats REPEATS]
                    [--shuffle-seed S] [--items ITEMS] [--budget BUDGET]
                    [--max-tokens MAX_TOKENS] [--temp TEMP] [--top-p TOP_P]
                    [--top-k TOP_K] [--presence-penalty PRESENCE_PENALTY]
                    [--min-p MIN_P] [--repeat-penalty REPEAT_PENALTY]
                    [--frequency-penalty FREQUENCY_PENALTY]
                    [--chat-template-kwargs CHAT_TEMPLATE_KWARGS]
fcb15_run.py: error: unrecognized arguments: --http-timeout 300
G_FCB_s1 FAIL
=== fcb15 s1 done Mon Sep 28 11:51:40 AM CEST 2026 ===
usage: fcb15_run.py [-h] [--host HOST] [--model MODEL] --tag TAG
                    [--agent AGENT] [--agents-md AGENTS_MD]
                    [--mode {single,bestof,loop,verifier}]
                    [--battery {fcb15,traps,combined,cbi,cmi,sli,rsi,realrepo,refactor}]
                    [--items-file ITEMS_FILE] [--shots SHOTS] [--deep]
                    [--hardware HARDWARE] [--factory] [--heldout GEN]
                    [--bestof-tag BESTOF_TAG] [--repeats REPEATS]
                    [--shuffle-seed S] [--items ITEMS] [--budget BUDGET]
                    [--max-tokens MAX_TOKENS] [--temp TEMP] [--top-p TOP_P]
                    [--top-k TOP_K] [--presence-penalty PRESENCE_PENALTY]
                    [--min-p MIN_P] [--repeat-penalty REPEAT_PENALTY]
                    [--frequency-penalty FREQUENCY_PENALTY]
                    [--chat-template-kwargs CHAT_TEMPLATE_KWARGS]
fcb15_run.py: error: unrecognized arguments: --http-timeout 300
G_FCB_s2 FAIL
=== fcb15 s2 done Mon Sep 28 11:51:40 AM CEST 2026 ===
f3g-b722a61-pp4k: 4670 tokens in 4.2s -> 1118 t/s
f3g-b722a61-pp32k: 37702 tokens in 32.7s -> 1151 t/s
f3g-b722a61-tg128: 128 tokens, first 0.0s, span 2.9s -> 44.4 t/s
f3g-b722a61-tg2048: 453 tokens, first 3.7s, span 5.1s -> 89.1 t/s
=== speed done rc=0 Mon Sep 28 11:52:30 AM CEST 2026 ===
TOOLS_OK get_weather {'city': 'Rome', 'units': 'celsius'}
=== tools rc=0 Mon Sep 28 11:52:32 AM CEST 2026 ===
F3_GATE_ALL_DONE Mon Sep 28 11:52:32 AM CEST 2026
